#
# There is insufficient memory for the Java Runtime Environment to continue.
# Native memory allocation (mmap) failed to map 130023424 bytes for G1 virtual space
# Possible reasons:
#   The system is out of physical RAM or swap space
#   The process is running with CompressedOops enabled, and the Java Heap may be blocking the growth of the native heap
# Possible solutions:
#   Reduce memory load on the system
#   Increase physical memory or swap space
#   Check if swap backing store is full
#   Decrease Java heap size (-Xmx/-Xms)
#   Decrease number of Java threads
#   Decrease Java thread stack sizes (-Xss)
#   Set larger code cache with -XX:ReservedCodeCacheSize=
#   JVM is running with Unscaled Compressed Oops mode in which the Java heap is
#     placed in the first 4GB address space. The Java Heap base address is the
#     maximum limit for the native heap growth. Please use -XX:HeapBaseMinAddress
#     to set the Java Heap base and to place the Java Heap above 4GB virtual address.
# This output file may be truncated or incomplete.
#
#  Out of Memory Error (os_windows.cpp:3603), pid=26096, tid=25236
#
# JRE version:  (21.0.8+12) (build )
# Java VM: Java HotSpot(TM) 64-Bit Server VM (21.0.8+12-LTS-250, mixed mode, sharing, tiered, compressed oops, compressed class ptrs, g1 gc, windows-amd64)
# No core dump will be written. Minidumps are not enabled by default on client versions of Windows
#

---------------  S U M M A R Y ------------

Command Line: --enable-native-access=ALL-UNNAMED 

Host: 13th Gen Intel(R) Core(TM) i7-1355U, 12 cores, 7G,  Windows 11 , 64 bit Build 26100 (10.0.26100.7920)
Time: Sun Mar 22 12:45:52 2026 Egypt Standard Time elapsed time: 0.087659 seconds (0d 0h 0m 0s)

---------------  T H R E A D  ---------------

Current thread (0x000001f004c82880):  JavaThread "Unknown thread" [_thread_in_vm, id=25236, stack(0x0000003c87e00000,0x0000003c87f00000) (1024K)]

Stack: [0x0000003c87e00000,0x0000003c87f00000]
Native frames: (J=compiled Java code, j=interpreted, Vv=VM code, C=native code)
V  [jvm.dll+0x6cc179]
V  [jvm.dll+0x8584c1]
V  [jvm.dll+0x85a9ee]
V  [jvm.dll+0x85b0c3]
V  [jvm.dll+0x27ebf6]
V  [jvm.dll+0x6c88f5]
V  [jvm.dll+0x6bd45a]
V  [jvm.dll+0x354b1a]
V  [jvm.dll+0x35c796]
V  [jvm.dll+0x3af85e]
V  [jvm.dll+0x3afb08]
V  [jvm.dll+0x328e2c]
V  [jvm.dll+0x32998b]
V  [jvm.dll+0x821879]
V  [jvm.dll+0x3bc541]
V  [jvm.dll+0x80aaf8]
V  [jvm.dll+0x45172e]
V  [jvm.dll+0x453321]
C  [jli.dll+0x52a3]
C  [ucrtbase.dll+0x37b0]
C  [KERNEL32.DLL+0x2e8d7]
C  [ntdll.dll+0x8c48c]


---------------  P R O C E S S  ---------------

Threads class SMR info:
_java_thread_list=0x00007ff893e1fc48, length=0, elements={
}

Java Threads: ( => current thread )
Total: 0

Other Threads:
  0x000001f006f20550 WorkerThread "GC Thread#0"                     [id=21800, stack(0x0000003c87f00000,0x0000003c88000000) (1024K)]
  0x000001f006f31540 ConcurrentGCThread "G1 Main Marker"            [id=6924, stack(0x0000003c88000000,0x0000003c88100000) (1024K)]
  0x000001f006f32f90 WorkerThread "G1 Conc#0"                       [id=16008, stack(0x0000003c88100000,0x0000003c88200000) (1024K)]

[error occurred during error reporting (printing all threads), id 0xc0000005, EXCEPTION_ACCESS_VIOLATION (0xc0000005) at pc=0x00007ff89358b5b7]
VM state: not at safepoint (not fully initialized)

VM Mutex/Monitor currently owned by a thread:  ([mutex/lock_event])
[0x00007ff893e90f50] Heap_lock - owner thread: 0x000001f004c82880

Heap address: 0x0000000084400000, size: 1980 MB, Compressed Oops mode: 32-bit

CDS archive(s) mapped at: [0x0000000000000000-0x0000000000000000-0x0000000000000000), size 0, SharedBaseAddress: 0x0000000800000000, ArchiveRelocationMode: 1.
Narrow klass base: 0x0000000000000000, Narrow klass shift: 0, Narrow klass range: 0x0

GC Precious Log:
 CardTable entry size: 512
 Card Set container configuration: InlinePtr #cards 5 size 8 Array Of Cards #cards 12 size 40 Howl #buckets 4 coarsen threshold 1843 Howl Bitmap #cards 512 size 80 coarsen threshold 460 Card regions per heap region 1 cards per card region 2048

Heap:
 garbage-first heap   total 0K, used 0K [0x0000000084400000, 0x0000000100000000)
  region size 1024K, 0 young (0K), 0 survivors (0K)

[error occurred during error reporting (printing heap information), id 0xc0000005, EXCEPTION_ACCESS_VIOLATION (0xc0000005) at pc=0x00007ff8939751e9]
GC Heap History (0 events):
No events

Dll operation events (1 events):
Event: 0.052 Loaded shared library C:\Program Files\Java\jdk-21\bin\java.dll

Deoptimization events (0 events):
No events

Classes loaded (0 events):
No events

Classes unloaded (0 events):
No events

Classes redefined (0 events):
No events

Internal exceptions (0 events):
No events

ZGC Phase Switch (0 events):
No events

VM Operations (0 events):
No events

Events (0 events):
No events


Dynamic libraries:
0x00007ff6feab0000 - 0x00007ff6feac0000 	C:\Program Files\Java\jdk-21\bin\java.exe
0x00007ff93cb00000 - 0x00007ff93cd67000 	C:\WINDOWS\SYSTEM32\ntdll.dll
0x00007ff90c1f0000 - 0x00007ff90c210000 	C:\Program Files\Avast Software\Avast\aswhook.dll
0x00007ff93c070000 - 0x00007ff93c139000 	C:\WINDOWS\System32\KERNEL32.DLL
0x00007ff93a130000 - 0x00007ff93a521000 	C:\WINDOWS\System32\KERNELBASE.dll
0x00007ff93a620000 - 0x00007ff93a76b000 	C:\WINDOWS\System32\ucrtbase.dll
0x00007ff8f0500000 - 0x00007ff8f0519000 	C:\Program Files\Java\jdk-21\bin\jli.dll
0x00007ff93ca00000 - 0x00007ff93cabb000 	C:\WINDOWS\System32\ADVAPI32.dll
0x00007ff93afc0000 - 0x00007ff93b069000 	C:\WINDOWS\System32\msvcrt.dll
0x00007ff93ac20000 - 0x00007ff93acc7000 	C:\WINDOWS\System32\sechost.dll
0x00007ff93b450000 - 0x00007ff93b568000 	C:\WINDOWS\System32\RPCRT4.dll
0x00007ff93a9d0000 - 0x00007ff93ab95000 	C:\WINDOWS\System32\USER32.dll
0x00007ff93a5f0000 - 0x00007ff93a617000 	C:\WINDOWS\System32\win32u.dll
0x00007ff93c1c0000 - 0x00007ff93c1eb000 	C:\WINDOWS\System32\GDI32.dll
0x00007ff93a770000 - 0x00007ff93a89b000 	C:\WINDOWS\System32\gdi32full.dll
0x00007ff9395e0000 - 0x00007ff939683000 	C:\WINDOWS\System32\msvcp_win.dll
0x00007ff8ef830000 - 0x00007ff8ef84b000 	C:\Program Files\Java\jdk-21\bin\VCRUNTIME140.dll
0x00007ff91c3d0000 - 0x00007ff91c663000 	C:\WINDOWS\WinSxS\amd64_microsoft.windows.common-controls_6595b64144ccf1df_6.0.26100.8037_none_3e092faae333b53b\COMCTL32.dll
0x00007ff929be0000 - 0x00007ff929beb000 	C:\WINDOWS\SYSTEM32\VERSION.dll
0x00007ff93b400000 - 0x00007ff93b431000 	C:\WINDOWS\System32\IMM32.DLL
0x00007ff90fad0000 - 0x00007ff90fadc000 	C:\Program Files\Java\jdk-21\bin\vcruntime140_1.dll
0x00007ff8b12d0000 - 0x00007ff8b135e000 	C:\Program Files\Java\jdk-21\bin\msvcp140.dll
0x00007ff893250000 - 0x00007ff893f6d000 	C:\Program Files\Java\jdk-21\bin\server\jvm.dll
0x00007ff93c1f0000 - 0x00007ff93c264000 	C:\WINDOWS\System32\WS2_32.dll
0x00007ff939240000 - 0x00007ff93929e000 	C:\WINDOWS\SYSTEM32\POWRPROF.dll
0x00007ff92f2f0000 - 0x00007ff92f325000 	C:\WINDOWS\SYSTEM32\WINMM.dll
0x00007ff939220000 - 0x00007ff939234000 	C:\WINDOWS\SYSTEM32\UMPDC.dll
0x00007ff938170000 - 0x00007ff93818b000 	C:\WINDOWS\SYSTEM32\kernel.appcore.dll
0x00007ff90e6a0000 - 0x00007ff90e6aa000 	C:\Program Files\Java\jdk-21\bin\jimage.dll
0x00007ff937200000 - 0x00007ff937442000 	C:\WINDOWS\SYSTEM32\DBGHELP.DLL
0x00007ff93b570000 - 0x00007ff93b8f2000 	C:\WINDOWS\System32\combase.dll
0x00007ff93b320000 - 0x00007ff93b3f7000 	C:\WINDOWS\System32\OLEAUT32.dll
0x00007ff927870000 - 0x00007ff9278ab000 	C:\WINDOWS\SYSTEM32\dbgcore.DLL
0x00007ff939690000 - 0x00007ff939735000 	C:\WINDOWS\System32\bcryptPrimitives.dll
0x00007ff8ea4f0000 - 0x00007ff8ea50f000 	C:\Program Files\Java\jdk-21\bin\java.dll

dbghelp: loaded successfully - version: 4.0.5 - missing functions: none
symbol engine: initialized successfully - sym options: 0x614 - pdb path: .;C:\Program Files\Java\jdk-21\bin;C:\WINDOWS\SYSTEM32;C:\Program Files\Avast Software\Avast;C:\WINDOWS\WinSxS\amd64_microsoft.windows.common-controls_6595b64144ccf1df_6.0.26100.8037_none_3e092faae333b53b;C:\Program Files\Java\jdk-21\bin\server

VM Arguments:
jvm_args: --enable-native-access=ALL-UNNAMED 
java_command: <unknown>
java_class_path (initial): <not set>
Launcher Type: SUN_STANDARD

[Global flags]
     intx CICompilerCount                          = 4                                         {product} {ergonomic}
     uint ConcGCThreads                            = 3                                         {product} {ergonomic}
     uint G1ConcRefinementThreads                  = 10                                        {product} {ergonomic}
   size_t G1HeapRegionSize                         = 1048576                                   {product} {ergonomic}
    uintx GCDrainStackTargetSize                   = 64                                        {product} {ergonomic}
   size_t InitialHeapSize                          = 130023424                                 {product} {ergonomic}
   size_t MarkStackSize                            = 4194304                                   {product} {ergonomic}
   size_t MaxHeapSize                              = 2076180480                                {product} {ergonomic}
   size_t MinHeapDeltaBytes                        = 1048576                                   {product} {ergonomic}
   size_t MinHeapSize                              = 8388608                                   {product} {ergonomic}
    uintx NonNMethodCodeHeapSize                   = 5839372                                {pd product} {ergonomic}
    uintx NonProfiledCodeHeapSize                  = 122909434                              {pd product} {ergonomic}
    uintx ProfiledCodeHeapSize                     = 122909434                              {pd product} {ergonomic}
    uintx ReservedCodeCacheSize                    = 251658240                              {pd product} {ergonomic}
     bool SegmentedCodeCache                       = true                                      {product} {ergonomic}
   size_t SoftMaxHeapSize                          = 2076180480                             {manageable} {ergonomic}
     bool UseCompressedOops                        = true                           {product lp64_product} {ergonomic}
     bool UseG1GC                                  = true                                      {product} {ergonomic}
     bool UseLargePagesIndividualAllocation        = false                                  {pd product} {ergonomic}

Logging:
Log output configuration:
 #0: stdout all=warning uptime,level,tags foldmultilines=false
 #1: stderr all=off uptime,level,tags foldmultilines=false

Environment Variables:
PATH=C:\Program Files\Common Files\Oracle\Java\javapath;C:\WINDOWS\system32;C:\WINDOWS;C:\WINDOWS\System32\Wbem;C:\WINDOWS\System32\WindowsPowerShell\v1.0\;C:\WINDOWS\System32\OpenSSH\;C:\Program Files\dotnet\;C:\Program Files\Git\cmd;C:\Program Files\nodejs\;C:\apache-maven-3.9.11\bin;C:\Program Files\Docker\Docker\resources\bin;C:\Users\michael\AppData\Local\Android\Sdk\platform-tools;D:\ffmg\ffmpeg-2025-09-25-git-9970dc32bf-full_build\bin;C:\Program Files\Microsoft SQL Server\170\Tools\Binn\;C:\Program Files (x86)\Windows Kits\10\Windows Performance Toolkit\;C:\Users\michael\AppData\Roaming\npm;C:\Users\michael\AppData\Local\Programs\Python\Python310\Scripts\;C:\Users\michael\AppData\Local\Programs\Python\Python310\;C:\Users\michael\AppData\Local\Programs\Python\Python313\Scripts\;C:\Users\michael\AppData\Local\Programs\Python\Python313\;C:\Users\michael\AppData\Local\Programs\Python\Python39-32\Scripts\;C:\Users\michael\AppData\Local\Programs\Python\Python39-32\;C:\Program Files\Common Files\Oracle\Java\javapath;C:\WINDOWS\system32;C:\WINDOWS;C:\WINDOWS\System32\Wbem;C:\WINDOWS\System32\WindowsPowerShell\v1.0\;C:\WINDOWS\System32\OpenSSH\;C:\Program Files\dotnet\;C:\Program Files\Git\cmd;C:\Program Files\nodejs\;C:\apache-maven-3.9.11\bin;C:\Program Files\Docker\Docker\resources\bin;C:\Users\michael\AppData\Local\Android\Sdk\platform-tools;D:\ffmg\ffmpeg-2025-09-25-git-9970dc32bf-full_build\bin;C:\Program Files\Microsoft SQL Server\170\Tools\Binn\;C:\Program Files (x86)\Windows Kits\10\Windows Performance Toolkit\;C:\Users\michael\AppData\Roaming\npm;;C:\Users\michael\AppData\Local\Android\Sdk\platform-tools;C:\Users\michael\AppData\Local\Programs\cursor\resources\app\bin;C:\Users\michael\.bun\bin;C:\Users\michael\AppData\Local\Programs\Microsoft VS Code\bin;D:\Antigravity\bin
USERNAME=michael
OS=Windows_NT
PROCESSOR_IDENTIFIER=Intel64 Family 6 Model 186 Stepping 3, GenuineIntel
TMP=C:\Users\michael\AppData\Local\Temp
TEMP=C:\Users\michael\AppData\Local\Temp




Periodic native trim disabled

---------------  S Y S T E M  ---------------

OS:
 Windows 11 , 64 bit Build 26100 (10.0.26100.7920)
OS uptime: 9 days 17:12 hours
Hyper-V role detected

CPU: total 12 (initial active 12) (6 cores per cpu, 2 threads per core) family 6 model 186 stepping 3 microcode 0x4121, cx8, cmov, fxsr, ht, mmx, 3dnowpref, sse, sse2, sse3, ssse3, sse4.1, sse4.2, popcnt, lzcnt, tsc, tscinvbit, avx, avx2, aes, erms, clmul, bmi1, bmi2, adx, sha, fma, vzeroupper, clflush, clflushopt, clwb, hv, serialize, rdtscp, rdpid, fsrm, f16c, cet_ibt, cet_ss
Processor Information for processor 0
  Max Mhz: 1700, Current Mhz: 1700, Mhz Limit: 1700
Processor Information for processor 1
  Max Mhz: 1700, Current Mhz: 1700, Mhz Limit: 1700
Processor Information for processor 2
  Max Mhz: 1700, Current Mhz: 1700, Mhz Limit: 1700
Processor Information for processor 3
  Max Mhz: 1700, Current Mhz: 1700, Mhz Limit: 1700
Processor Information for processor 4
  Max Mhz: 1700, Current Mhz: 1700, Mhz Limit: 1700
Processor Information for processor 5
  Max Mhz: 1700, Current Mhz: 1700, Mhz Limit: 1700
Processor Information for processor 6
  Max Mhz: 1700, Current Mhz: 1700, Mhz Limit: 1700
Processor Information for processor 7
  Max Mhz: 1700, Current Mhz: 1558, Mhz Limit: 1700
Processor Information for processor 8
  Max Mhz: 1700, Current Mhz: 1700, Mhz Limit: 1700
Processor Information for processor 9
  Max Mhz: 1700, Current Mhz: 1700, Mhz Limit: 1700
Processor Information for processor 10
  Max Mhz: 1700, Current Mhz: 1700, Mhz Limit: 1700
Processor Information for processor 11
  Max Mhz: 1700, Current Mhz: 1558, Mhz Limit: 1700

Memory: 4k page, system-wide physical 7915M (370M free)
TotalPageFile size 28638M (AvailPageFile size 121M)
current process WorkingSet (physical memory assigned to process): 13M, peak: 13M
current process commit charge ("private bytes"): 64M, peak: 188M

vm_info: Java HotSpot(TM) 64-Bit Server VM (21.0.8+12-LTS-250) for windows-amd64 JRE (21.0.8+12-LTS-250), built on 2025-06-27T08:11:22Z by "mach5one" with MS VC++ 17.6 (VS2022)

END.
